+------------------+
name: a1
neighbours: null
entities: s1
layer number: 0
core: null
nearsun: true
+------------------+
name: s1
materials: null
gates: null
location: a1
stepped: true