+------------------+
name: a1
neighbours: a2 g1
entities: null
layer number: 0
core: null
nearsun: false
+------------------+
name: a2
neighbours: a1 g2
entities: null
layer number: 0
core: null
nearsun: false
+------------------+
name: s1
materials: null
gates: null
location: g2
stepped: true
+------------------+
name: g1
neighbours: a1
entities: null
pair: g2
setted: true
active: true
+------------------+
name: g2
neighbours: a2
entities: s1
pair: g1
setted: true
active: true